// Jest Snapshot v1, https://goo.gl/fbAQLP

exports[`Should render Login page 1`] = `undefined`;
