// Jest Snapshot v1, https://goo.gl/fbAQLP

exports[`Should Render Not Found Page 1`] = `
<div>
  404!!!!!
  <Link
    replace={false}
    to="/"
  >
    Back to Home
  </Link>
</div>
`;
